// Jest Snapshot v1, https://goo.gl/fbAQLP

exports[`Sprite rendering snapshot rendered display matches snapshot ðŸ“¸ 1`] = `
"  o   oooo                                                      
 oo      o                                                      
  o   oooo                                                      
  o   o                                                         
 ooo  oooo                                                      
                                                                
                                                                
      oooo                                                      
         o                                                      
      oooo                                                      
         o                                                      
      oooo                                                      
                                                                
                                                                
                                                                
                                                                
                                                                
                                                                
                                                                
                                                                
                                                                
                                                                
                                                                
                                                                
                                                                
                                                                
                                                                
                                                                
                                                                
                                                                
                                                                
                                                                
"
`;
